'CurveControl.Geometry.IsCurveShorteningFlowOn.hasDerivAt_curveLength' depends on axioms: [propext,
 Classical.choice,
 Quot.sound]
'CurveControl.Geometry.IsCurveShorteningFlowOn.curveLength_le_exp' depends on axioms: [propext,
 Classical.choice,
 Quot.sound]
'CurveControl.Geometry.IsCurveShorteningFlowOn.curveLength_le_exp_on' depends on axioms: [propext,
 Classical.choice,
 Quot.sound]
'CurveControl.Geometry.IsCurveShorteningFlowOn.weighted_curvatureEnergy_integral_le' depends on axioms: [propext,
 Classical.choice,
 Quot.sound]
'CurveControl.Geometry.IsCurveShorteningFlowOn.curvatureEnergy_integral_le' depends on axioms: [propext,
 Classical.choice,
 Quot.sound]
'CurveControl.Geometry.lengthRate' depends on axioms: [propext, Classical.choice, Quot.sound]
'CurveControl.Geometry.IsCurveShorteningFlowOn.contDiffOn_curveSpeed_interior' depends on axioms: [propext,
 Classical.choice,
 Quot.sound]
'CurveControl.Geometry.IsCurveShorteningFlowOn.continuousOn_curveLength' depends on axioms: [propext,
 Classical.choice,
 Quot.sound]
'CurveControl.Geometry.IsCurveShorteningFlowOn.continuousOn_curvatureEnergy' depends on axioms: [propext,
 Classical.choice,
 Quot.sound]
'CurveControl.Geometry.IsCurveShorteningFlowOn.hasDerivAt_curveLength' depends on axioms: [propext,
 Classical.choice,
 Quot.sound]
'CurveControl.Geometry.IsCurveShorteningFlowOn.intervalIntegrable_lengthDensity' depends on axioms: [propext,
 Classical.choice,
 Quot.sound]
'CurveControl.Geometry.IsCurveShorteningFlowOn.curvatureEnergy_nonneg' depends on axioms: [propext,
 Classical.choice,
 Quot.sound]
'CurveControl.Geometry.IsCurveShorteningFlowOn.lengthRate_le_growth_sub_energy' depends on axioms: [propext,
 Classical.choice,
 Quot.sound]
'CurveControl.Geometry.IsCurveShorteningFlowOn.curveLength_le_exp' depends on axioms: [propext,
 Classical.choice,
 Quot.sound]
'CurveControl.Geometry.IsCurveShorteningFlowOn.curveLength_le_exp_on' depends on axioms: [propext,
 Classical.choice,
 Quot.sound]
'CurveControl.Geometry.IsCurveShorteningFlowOn.weighted_curvatureEnergy_integral_le' depends on axioms: [propext,
 Classical.choice,
 Quot.sound]
'CurveControl.Geometry.IsCurveShorteningFlowOn.curvatureEnergy_integral_le' depends on axioms: [propext,
 Classical.choice,
 Quot.sound]
